2023-11-24 11:21:38,189 - INFO - Searching: 9.012222290039062e-05
2023-11-24 11:21:38,189 - INFO - Downloading: 4.76837158203125e-07
2023-11-24 11:21:38,189 - INFO - Segmentation: 4.76837158203125e-07
2023-11-24 11:26:28,345 - INFO - Transcription: 290.15502405166626
2023-11-24 11:26:28,345 - INFO - Quality Measurement: 4.76837158203125e-07
2023-11-24 11:26:28,345 - INFO - Enhancement: 7.152557373046875e-07
2023-11-24 11:26:28,345 - INFO - Speaker Processing: 4.76837158203125e-07
2023-11-24 11:26:28,345 - INFO - Selecting Data: 7.152557373046875e-07
2023-11-24 11:26:28,345 - INFO - Analysis Data: 2.7894973754882812e-05
2023-11-24 11:41:02,243 - INFO - Searching: 2.234829902648926
2023-11-24 11:41:02,789 - INFO - Downloading: 0.5453696250915527
2023-11-24 11:41:08,532 - INFO - Segmentation: 5.742945432662964
2023-11-24 11:45:21,576 - INFO - Searching: 2.973702907562256
2023-11-24 11:49:42,827 - INFO - Searching: 0.0001227855682373047
2023-11-24 11:49:43,268 - INFO - Downloading: 0.44109344482421875
2023-11-24 11:49:48,351 - INFO - Segmentation: 5.082789182662964
2023-11-24 11:51:06,001 - INFO - Searching: 0.00011968612670898438
2023-11-24 11:51:06,001 - INFO - Downloading: 4.76837158203125e-07
2023-11-24 11:51:06,002 - INFO - Segmentation: 4.76837158203125e-07
2023-11-24 11:51:18,054 - INFO - Searching: 1.8692433834075928
2023-11-24 11:53:15,052 - INFO - Downloading: 116.99794936180115
2023-11-24 12:18:33,904 - INFO - Segmentation: 1518.8512489795685
2023-11-24 12:25:54,477 - INFO - Transcription: 440.5726866722107
2023-11-24 12:48:08,993 - INFO - Quality Measurement: 1334.5164546966553
2023-11-24 12:48:08,993 - INFO - Enhancement: 4.76837158203125e-07
2023-11-24 12:48:08,993 - INFO - Speaker Processing: 4.76837158203125e-07
2023-11-24 12:48:09,164 - INFO - Selecting Data: 0.17029953002929688
2023-11-24 12:48:10,927 - INFO - Analysis Data: 1.9330909252166748
2023-11-28 15:30:43,841 - INFO - Searching: 4.38690185546875e-05
2023-11-28 15:30:43,842 - INFO - Downloading: 7.152557373046875e-07
2023-11-28 15:30:43,842 - INFO - Segmentation: 4.76837158203125e-07
2023-11-28 15:30:43,842 - INFO - Transcription: 4.76837158203125e-07
2023-11-28 15:30:43,842 - INFO - Quality Measurement: 4.76837158203125e-07
2023-11-28 15:30:43,842 - INFO - Enhancement: 4.76837158203125e-07
2023-11-28 15:30:43,842 - INFO - Speaker Processing: 2.384185791015625e-07
2023-11-28 15:30:43,842 - INFO - Analysis Data: 4.76837158203125e-07
2023-11-28 15:30:43,842 - INFO - Analysis Data: 2.0503997802734375e-05
2023-11-28 15:30:51,502 - INFO - Searching: 4.76837158203125e-05
2023-11-28 15:31:26,329 - INFO - Searching: 6.222724914550781e-05
2023-11-28 15:31:26,783 - INFO - Downloading: 0.4530303478240967
2023-11-28 15:31:26,783 - INFO - Segmentation: 9.5367431640625e-07
2023-11-28 15:31:26,783 - INFO - Transcription: 4.76837158203125e-07
2023-11-28 15:31:26,783 - INFO - Quality Measurement: 4.76837158203125e-07
2023-11-28 15:31:26,783 - INFO - Enhancement: 4.76837158203125e-07
2023-11-28 15:31:26,783 - INFO - Speaker Processing: 4.76837158203125e-07
2023-11-28 15:31:26,783 - INFO - Analysis Data: 4.76837158203125e-07
2023-11-28 15:31:26,783 - INFO - Analysis Data: 2.1457672119140625e-05
2023-11-28 15:32:13,054 - INFO - Searching: 4.3392181396484375e-05
2023-11-28 15:32:17,200 - INFO - Downloading: 4.1466124057769775
2023-11-28 15:32:17,200 - INFO - Segmentation: 4.76837158203125e-07
2023-11-28 15:32:17,200 - INFO - Transcription: 4.76837158203125e-07
2023-11-28 15:32:17,201 - INFO - Quality Measurement: 7.152557373046875e-07
2023-11-28 15:32:17,201 - INFO - Enhancement: 7.152557373046875e-07
2023-11-28 15:32:17,201 - INFO - Speaker Processing: 4.76837158203125e-07
2023-11-28 15:32:17,201 - INFO - Analysis Data: 1.1920928955078125e-06
2023-11-28 15:32:17,201 - INFO - Analysis Data: 2.6941299438476562e-05
2023-11-28 15:35:40,559 - INFO - Searching: 5.507469177246094e-05
2023-11-28 15:35:40,559 - INFO - Downloading: 4.76837158203125e-07
2023-11-28 15:35:40,559 - INFO - Segmentation: 4.76837158203125e-07
2023-11-28 15:35:40,559 - INFO - Transcription: 4.76837158203125e-07
2023-11-28 15:35:40,559 - INFO - Quality Measurement: 4.76837158203125e-07
2023-11-28 15:35:40,559 - INFO - Enhancement: 7.152557373046875e-07
2023-11-28 15:35:40,559 - INFO - Speaker Processing: 4.76837158203125e-07
2023-11-28 15:35:40,559 - INFO - Analysis Data: 7.152557373046875e-07
2023-11-28 15:35:40,559 - INFO - Analysis Data: 3.266334533691406e-05
2023-11-28 15:54:38,023 - INFO - Searching: 8.249282836914062e-05
2023-11-28 15:54:41,912 - INFO - Downloading: 3.888396978378296
2023-11-28 15:54:41,912 - INFO - Segmentation: 7.152557373046875e-07
2023-11-28 15:54:41,912 - INFO - Transcription: 4.76837158203125e-07
2023-11-28 15:54:41,912 - INFO - Quality Measurement: 7.152557373046875e-07
2023-11-28 15:54:41,912 - INFO - Enhancement: 4.76837158203125e-07
2023-11-28 15:54:41,912 - INFO - Speaker Processing: 9.5367431640625e-07
2023-11-28 15:54:41,912 - INFO - Analysis Data: 2.384185791015625e-07
2023-11-28 15:54:41,912 - INFO - Analysis Data: 2.1457672119140625e-05
2023-11-28 16:04:51,091 - INFO - Searching: 4.863739013671875e-05
2023-11-28 16:04:55,212 - INFO - Downloading: 4.120863676071167
2023-11-28 16:04:55,212 - INFO - Segmentation: 7.152557373046875e-07
2023-11-28 16:04:55,212 - INFO - Transcription: 2.384185791015625e-07
2023-11-28 16:04:55,212 - INFO - Quality Measurement: 4.76837158203125e-07
2023-11-28 16:04:55,212 - INFO - Enhancement: 4.76837158203125e-07
2023-11-28 16:04:55,212 - INFO - Speaker Processing: 4.76837158203125e-07
2023-11-28 16:04:55,212 - INFO - Analysis Data: 9.5367431640625e-07
2023-11-28 16:04:55,212 - INFO - Analysis Data: 2.1457672119140625e-05
2023-11-28 17:00:34,719 - INFO - Searching: 4.172325134277344e-05
2023-11-28 17:00:39,819 - INFO - Downloading: 5.099021673202515
2023-11-28 17:00:39,819 - INFO - Segmentation: 7.152557373046875e-07
2023-11-28 17:00:39,819 - INFO - Transcription: 4.76837158203125e-07
2023-11-28 17:00:39,819 - INFO - Quality Measurement: 7.152557373046875e-07
2023-11-28 17:00:39,819 - INFO - Enhancement: 4.76837158203125e-07
2023-11-28 17:00:39,819 - INFO - Speaker Processing: 2.384185791015625e-07
2023-11-28 17:00:39,819 - INFO - Analysis Data: 4.76837158203125e-07
2023-11-28 17:00:39,819 - INFO - Analysis Data: 2.0742416381835938e-05
2023-11-28 17:01:35,196 - INFO - Searching: 4.482269287109375e-05
2023-11-28 17:04:05,950 - INFO - Searching: 5.5789947509765625e-05
2023-11-28 17:04:33,239 - INFO - Searching: 5.745887756347656e-05
2023-11-28 17:05:26,263 - INFO - Downloading: 53.024232387542725
2023-11-28 17:05:26,263 - INFO - Segmentation: 4.76837158203125e-07
2023-11-28 17:05:26,263 - INFO - Transcription: 4.76837158203125e-07
2023-11-28 17:05:26,263 - INFO - Quality Measurement: 4.76837158203125e-07
2023-11-28 17:05:26,263 - INFO - Enhancement: 4.76837158203125e-07
2023-11-28 17:05:26,263 - INFO - Speaker Processing: 4.76837158203125e-07
2023-11-28 17:05:26,263 - INFO - Analysis Data: 4.76837158203125e-07
2023-11-28 17:05:26,263 - INFO - Analysis Data: 2.1219253540039062e-05
2023-11-28 17:08:55,063 - INFO - Searching: 4.410743713378906e-05
2023-11-28 17:08:55,063 - INFO - Downloading: 7.152557373046875e-07
2023-11-28 17:08:55,064 - INFO - Segmentation: 4.76837158203125e-07
2023-11-28 17:08:55,064 - INFO - Transcription: 4.76837158203125e-07
2023-11-28 17:08:55,064 - INFO - Quality Measurement: 2.384185791015625e-07
2023-11-28 17:08:55,064 - INFO - Enhancement: 4.76837158203125e-07
2023-11-28 17:08:55,064 - INFO - Speaker Processing: 2.384185791015625e-07
2023-11-28 17:08:55,064 - INFO - Analysis Data: 2.384185791015625e-07
2023-11-28 17:08:55,064 - INFO - Analysis Data: 2.1219253540039062e-05
2023-11-28 17:08:59,136 - INFO - Searching: 6.508827209472656e-05
2023-11-28 17:09:03,365 - INFO - Downloading: 4.229307651519775
2023-11-28 17:09:03,366 - INFO - Segmentation: 7.152557373046875e-07
2023-11-28 17:09:03,366 - INFO - Transcription: 2.384185791015625e-07
2023-11-28 17:09:03,366 - INFO - Quality Measurement: 1.1920928955078125e-06
2023-11-28 17:09:03,366 - INFO - Enhancement: 4.76837158203125e-07
2023-11-28 17:09:03,366 - INFO - Speaker Processing: 4.76837158203125e-07
2023-11-28 17:09:03,366 - INFO - Analysis Data: 4.76837158203125e-07
2023-11-28 17:09:03,366 - INFO - Analysis Data: 2.384185791015625e-05
2023-11-28 17:09:36,041 - INFO - Searching: 5.435943603515625e-05
2023-11-28 17:09:42,277 - INFO - Downloading: 6.235113620758057
2023-11-28 17:09:42,277 - INFO - Segmentation: 7.152557373046875e-07
2023-11-28 17:09:42,277 - INFO - Transcription: 4.76837158203125e-07
2023-11-28 17:09:42,277 - INFO - Quality Measurement: 4.76837158203125e-07
2023-11-28 17:09:42,277 - INFO - Enhancement: 7.152557373046875e-07
2023-11-28 17:09:42,277 - INFO - Speaker Processing: 2.384185791015625e-07
2023-11-28 17:09:42,277 - INFO - Analysis Data: 7.152557373046875e-07
2023-11-28 17:09:42,277 - INFO - Analysis Data: 2.3126602172851562e-05
2023-11-28 17:10:00,343 - INFO - Searching: 4.315376281738281e-05
2023-11-28 17:10:06,458 - INFO - Downloading: 6.115124940872192
2023-11-28 17:10:06,458 - INFO - Segmentation: 9.5367431640625e-07
2023-11-28 17:10:06,458 - INFO - Transcription: 4.76837158203125e-07
2023-11-28 17:10:06,458 - INFO - Quality Measurement: 1.430511474609375e-06
2023-11-28 17:10:06,458 - INFO - Enhancement: 2.384185791015625e-07
2023-11-28 17:10:06,458 - INFO - Speaker Processing: 4.76837158203125e-07
2023-11-28 17:10:06,458 - INFO - Analysis Data: 2.384185791015625e-07
2023-11-28 17:10:06,458 - INFO - Analysis Data: 2.2172927856445312e-05
2023-11-28 17:31:56,456 - INFO - Searching: 6.198883056640625e-05
2023-11-28 17:32:08,463 - INFO - Downloading: 12.00633978843689
2023-11-28 17:32:08,463 - INFO - Segmentation: 4.76837158203125e-07
2023-11-28 17:32:08,463 - INFO - Transcription: 4.76837158203125e-07
2023-11-28 17:32:08,463 - INFO - Quality Measurement: 1.1920928955078125e-06
2023-11-28 17:32:08,463 - INFO - Enhancement: 4.76837158203125e-07
2023-11-28 17:32:08,463 - INFO - Speaker Processing: 4.76837158203125e-07
2023-11-28 17:32:08,463 - INFO - Analysis Data: 4.76837158203125e-07
2023-11-28 17:32:08,463 - INFO - Analysis Data: 2.0742416381835938e-05
2023-11-28 17:32:10,164 - INFO - Searching: 7.510185241699219e-05
2023-11-28 17:32:10,164 - INFO - Downloading: 2.384185791015625e-07
2023-11-28 17:32:10,164 - INFO - Segmentation: 4.76837158203125e-07
2023-11-28 17:32:10,164 - INFO - Transcription: 4.76837158203125e-07
2023-11-28 17:32:10,164 - INFO - Quality Measurement: 7.152557373046875e-07
2023-11-28 17:32:10,164 - INFO - Enhancement: 2.384185791015625e-07
2023-11-28 17:32:10,164 - INFO - Speaker Processing: 7.152557373046875e-07
2023-11-28 17:32:10,164 - INFO - Analysis Data: 2.384185791015625e-07
2023-11-28 17:32:10,164 - INFO - Analysis Data: 6.389617919921875e-05
2023-11-28 17:32:32,987 - INFO - Searching: 4.792213439941406e-05
2023-11-28 17:32:43,553 - INFO - Downloading: 10.565557479858398
2023-11-28 17:32:43,553 - INFO - Segmentation: 7.152557373046875e-07
2023-11-28 17:32:43,553 - INFO - Transcription: 4.76837158203125e-07
2023-11-28 17:32:43,553 - INFO - Quality Measurement: 1.430511474609375e-06
2023-11-28 17:32:43,553 - INFO - Enhancement: 4.76837158203125e-07
2023-11-28 17:32:43,553 - INFO - Speaker Processing: 1.1920928955078125e-06
2023-11-28 17:32:43,553 - INFO - Analysis Data: 7.152557373046875e-07
2023-11-28 17:32:43,553 - INFO - Analysis Data: 2.1219253540039062e-05
2023-11-28 17:32:45,232 - INFO - Searching: 5.53131103515625e-05
2023-11-28 17:32:45,232 - INFO - Downloading: 7.152557373046875e-07
2023-11-28 17:32:45,232 - INFO - Segmentation: 7.152557373046875e-07
2023-11-28 17:32:45,232 - INFO - Transcription: 4.76837158203125e-07
2023-11-28 17:32:45,232 - INFO - Quality Measurement: 4.76837158203125e-07
2023-11-28 17:32:45,232 - INFO - Enhancement: 7.152557373046875e-07
2023-11-28 17:32:45,232 - INFO - Speaker Processing: 7.152557373046875e-07
2023-11-28 17:32:45,232 - INFO - Analysis Data: 7.152557373046875e-07
2023-11-28 17:32:45,232 - INFO - Analysis Data: 3.647804260253906e-05
2023-11-28 17:34:56,626 - INFO - Searching: 4.267692565917969e-05
2023-11-28 17:37:12,564 - INFO - Downloading: 135.93758082389832
2023-11-28 17:37:12,564 - INFO - Segmentation: 4.76837158203125e-07
2023-11-28 17:37:12,564 - INFO - Transcription: 7.152557373046875e-07
2023-11-28 17:37:12,564 - INFO - Quality Measurement: 4.76837158203125e-07
2023-11-28 17:37:12,564 - INFO - Enhancement: 4.76837158203125e-07
2023-11-28 17:37:12,564 - INFO - Speaker Processing: 2.384185791015625e-07
2023-11-28 17:37:12,564 - INFO - Analysis Data: 4.76837158203125e-07
2023-11-28 17:37:12,564 - INFO - Analysis Data: 2.0265579223632812e-05
2024-01-04 11:23:06,875 - INFO - Searching: 0.00017595291137695312
2024-01-04 11:23:06,875 - INFO - Downloading: 4.76837158203125e-07
2024-01-04 11:23:06,875 - INFO - Segmentation: 2.384185791015625e-07
2024-01-04 11:23:06,875 - INFO - Transcription: 7.152557373046875e-07
2024-01-04 11:23:06,875 - INFO - Quality Measurement: 4.76837158203125e-07
2024-01-04 11:23:06,875 - INFO - Enhancement: 2.384185791015625e-07
2024-01-04 11:23:06,875 - INFO - Speaker Processing: 2.384185791015625e-07
2024-01-04 11:23:06,875 - INFO - Selecting Data: 4.76837158203125e-07
2024-01-04 11:23:06,875 - INFO - Analysis Data: 2.5033950805664062e-05
2024-01-04 11:23:45,325 - INFO - Searching: 0.8811688423156738
